[12:50:44] === Taller 2 — Inicio ===
[12:50:44] Ejecutando punto-01 (vulnerable)...
[12:51:23] punto-01 vulnerable: OK (38s)
[12:51:23] Ejecutando punto-01 (mitigado)...
[12:51:52] punto-01 mitigado: OK (29s)
[12:51:52] Ejecutando punto-02 (vulnerable)...
[12:52:22] punto-02 vulnerable: OK (30s)
[12:52:22] Ejecutando punto-02 (mitigado)...
[12:53:06] punto-02 mitigado: OK (43s)
[12:53:06] Ejecutando punto-03 (vulnerable)...
[12:53:28] punto-03 vulnerable: OK (21s)
[12:53:28] Ejecutando punto-03 (mitigado)...
[12:53:50] punto-03 mitigado: OK (22s)
[12:53:50] Ejecutando punto-04 (vulnerable)...
[12:54:08] punto-04 vulnerable: OK (18s)
[12:54:08] Ejecutando punto-04 (mitigado)...
[12:54:27] punto-04 mitigado: OK (19s)
[12:54:27] Ejecutando punto-05 (vulnerable)...
[12:54:51] punto-05 vulnerable: OK (24s)
[12:54:51] Ejecutando punto-05 (mitigado)...
[12:55:16] punto-05 mitigado: OK (25s)
[12:55:16] Ejecutando punto-06 (vulnerable)...
[12:55:40] punto-06 vulnerable: OK (23s)
[12:55:40] Ejecutando punto-06 (mitigado)...
[12:56:03] punto-06 mitigado: OK (22s)
[12:56:03] Ejecutando punto-07 (vulnerable)...
[12:56:23] punto-07 vulnerable: OK (20s)
[12:56:23] Ejecutando punto-07 (mitigado)...
[12:56:44] punto-07 mitigado: OK (20s)
[12:56:44] Ejecutando punto-08 (vulnerable)...
[12:57:14] punto-08 vulnerable: OK (30s)
[12:57:14] Ejecutando punto-08 (mitigado)...
[12:57:45] punto-08 mitigado: OK (31s)
[12:57:45] Ejecutando punto-09 (vulnerable)...
[12:58:06] punto-09 vulnerable: OK (21s)
[12:58:06] Ejecutando punto-09 (mitigado)...
[12:58:25] punto-09 mitigado: OK (19s)
[12:58:25] Ejecutando punto-10 (vulnerable)...
[12:58:44] punto-10 vulnerable: OK (19s)
[12:58:44] Ejecutando punto-10 (mitigado)...
[12:59:11] punto-10 mitigado: OK (27s)
[12:59:11] Ejecutando punto-11 (vulnerable)...
[12:59:31] punto-11 vulnerable: OK (19s)
[12:59:31] Ejecutando punto-11 (mitigado)...
[12:59:55] punto-11 mitigado: OK (24s)
[12:59:55] Ejecutando punto-12 (vulnerable)...
[13:00:10] punto-12 vulnerable: OK (15s)
[13:00:10] Ejecutando punto-12 (mitigado)...
[13:00:26] punto-12 mitigado: OK (16s)
[13:00:26] Ejecutando punto-13 (vulnerable)...
[13:00:53] punto-13 vulnerable: OK (26s)
[13:00:53] Ejecutando punto-13 (mitigado)...
[13:01:14] punto-13 mitigado: OK (21s)
Informe HTML: /home/oscar/Escritorio/taller 2/report/informe-taller2.html
PDF no generado — instalar weasyprint o wkhtmltopdf

=== Taller 2 — Resumen ===
Punto 01: OK  (vulnerable ✓  mitigado ✓)
Punto 02: OK  (vulnerable ✓  mitigado ✓)
Punto 03: OK  (vulnerable ✓  mitigado ✓)
Punto 04: OK  (vulnerable ✓  mitigado ✓)
Punto 05: OK  (vulnerable ✓  mitigado ✓)
Punto 06: OK  (vulnerable ✓  mitigado ✓)
Punto 07: OK  (vulnerable ✓  mitigado ✓)
Punto 08: OK  (vulnerable ✓  mitigado ✓)
Punto 09: OK  (vulnerable ✓  mitigado ✓)
Punto 10: OK  (vulnerable ✓  mitigado ✓)
Punto 11: OK  (vulnerable ✓  mitigado ✓)
Punto 12: OK  (vulnerable ✓  mitigado ✓)
Punto 13: OK  (vulnerable ✓  mitigado ✓)
Informe:  /home/oscar/Escritorio/taller 2/report/informe-taller2.html
PDF:      no generado (instalar weasyprint o wkhtmltopdf)
[13:30:06] === Taller 2 — Inicio ===
[13:30:06] Ejecutando punto-01 (vulnerable)...
[13:30:26] punto-01 vulnerable: OK (20s)
[13:30:26] Ejecutando punto-01 (mitigado)...
[13:30:47] punto-01 mitigado: OK (21s)
[13:30:47] Ejecutando punto-02 (vulnerable)...
[13:31:12] punto-02 vulnerable: OK (25s)
[13:31:12] Ejecutando punto-02 (mitigado)...
[13:31:48] punto-02 mitigado: OK (36s)
[13:31:48] Ejecutando punto-03 (vulnerable)...
[13:32:03] punto-03 vulnerable: OK (15s)
[13:32:03] Ejecutando punto-03 (mitigado)...
[13:32:19] punto-03 mitigado: OK (15s)
[13:32:19] Ejecutando punto-04 (vulnerable)...
[13:32:35] punto-04 vulnerable: OK (16s)
[13:32:35] Ejecutando punto-04 (mitigado)...
[13:32:52] punto-04 mitigado: OK (17s)
[13:32:52] Ejecutando punto-05 (vulnerable)...
[13:33:13] punto-05 vulnerable: OK (20s)
[13:33:13] Ejecutando punto-05 (mitigado)...
[13:33:33] punto-05 mitigado: OK (20s)
[13:33:33] Ejecutando punto-06 (vulnerable)...
[13:33:57] punto-06 vulnerable: OK (24s)
[13:33:57] Ejecutando punto-06 (mitigado)...
[13:34:21] punto-06 mitigado: OK (24s)
[13:34:21] Ejecutando punto-07 (vulnerable)...
[13:34:40] punto-07 vulnerable: OK (19s)
[13:34:40] Ejecutando punto-07 (mitigado)...
[13:34:58] punto-07 mitigado: OK (18s)
[13:34:58] Ejecutando punto-08 (vulnerable)...
[13:35:16] punto-08 vulnerable: OK (18s)
[13:35:16] Ejecutando punto-08 (mitigado)...
[13:35:34] punto-08 mitigado: OK (18s)
[13:35:34] Ejecutando punto-09 (vulnerable)...
[13:35:51] punto-09 vulnerable: OK (17s)
[13:35:51] Ejecutando punto-09 (mitigado)...
[13:36:09] punto-09 mitigado: OK (17s)
[13:36:09] Ejecutando punto-10 (vulnerable)...
[13:36:28] punto-10 vulnerable: OK (18s)
[13:36:28] Ejecutando punto-10 (mitigado)...
[13:36:54] punto-10 mitigado: OK (26s)
[13:36:54] Ejecutando punto-11 (vulnerable)...
[13:37:15] punto-11 vulnerable: OK (21s)
[13:37:15] Ejecutando punto-11 (mitigado)...
[13:37:35] punto-11 mitigado: OK (20s)
[13:37:35] Ejecutando punto-12 (vulnerable)...
[13:37:50] punto-12 vulnerable: OK (15s)
[13:37:50] Ejecutando punto-12 (mitigado)...
[13:38:06] punto-12 mitigado: OK (15s)
[13:38:06] Ejecutando punto-13 (vulnerable)...
[13:38:24] punto-13 vulnerable: OK (18s)
[13:38:24] Ejecutando punto-13 (mitigado)...
[13:38:42] punto-13 mitigado: OK (18s)
Informe HTML: /home/oscar/Escritorio/taller 2/report/informe-taller2.html
PDF no generado — instalar weasyprint o wkhtmltopdf

=== Taller 2 — Resumen ===
Punto 01: OK  (vulnerable ✓  mitigado ✓)
Punto 02: OK  (vulnerable ✓  mitigado ✓)
Punto 03: OK  (vulnerable ✓  mitigado ✓)
Punto 04: OK  (vulnerable ✓  mitigado ✓)
Punto 05: OK  (vulnerable ✓  mitigado ✓)
Punto 06: OK  (vulnerable ✓  mitigado ✓)
Punto 07: OK  (vulnerable ✓  mitigado ✓)
Punto 08: OK  (vulnerable ✓  mitigado ✓)
Punto 09: OK  (vulnerable ✓  mitigado ✓)
Punto 10: OK  (vulnerable ✓  mitigado ✓)
Punto 11: OK  (vulnerable ✓  mitigado ✓)
Punto 12: OK  (vulnerable ✓  mitigado ✓)
Punto 13: OK  (vulnerable ✓  mitigado ✓)
Informe:  /home/oscar/Escritorio/taller 2/report/informe-taller2.html
PDF:      no generado (instalar weasyprint o wkhtmltopdf)
[16:23:32] === Taller 2 — Inicio ===
[16:23:33] Ejecutando punto-01 (vulnerable)...
